// Jest Snapshot v1, https://goo.gl/fbAQLP

exports[`Test CDK Stack 1`] = `
{
  "Resources": {
    "ErrorSubscription9DAFDAFE": {
      "Properties": {
        "Endpoint": "email",
        "Protocol": "email",
        "TopicArn": {
          "Ref": "ThresholdTopic006DBD27",
        },
      },
      "Type": "AWS::SNS::Subscription",
    },
    "ThresholdTopic006DBD27": {
      "Properties": {
        "TopicName": "thresholdTopic",
      },
      "Type": "AWS::SNS::Topic",
    },
  },
}
`;
